Script started on Wed 04 May 2011 09:44:55 PM PDT
private/cmps012b: No such file or directory.
[fcarril1@unix3 lab5]$ gdb list2
GNU gdb (GDB) Red Hat Enterprise Linux (7.0.1-23.el5_5.2)
Copyright (C) 2009 Free Software Foundation, Inc.
License GPLv3+: GNU GPL version 3 or later <http://gnu.org/licenses/gpl.html>
This is free software: you are free to change and redistribute it.
There is NO WARRANTY, to the extent permitted by law.  Type "show copying"
and "show warranty" for details.
This GDB was configured as "x86_64-redhat-linux-gnu".
For bug reporting instructions, please see:
<http://www.gnu.org/software/gdb/bugs/>...
Reading symbols from /afs/cats.ucsc.edu/users/h/fcarril1/private/cmps012b/lab5/list2...done.
(gdb) break main
Breakpoint 1 at 0x400577: file list2.c, line 15.
(gdb) run foo bar
Starting program: /afs/cats.ucsc.edu/users/h/fcarril1/private/cmps012b/lab5/list2 foo bar
private/cmps012b: No such file or directory.

Breakpoint 1, main (argc=3, argv=0x7fffffffe4c8) at list2.c:15
warning: Source file is more recent than executable.
15	   for (int argi = 0; argi < 5; ++argi) {
(gdb) print argc
$1 = 3
(gdb) print argc
$2 = 3
(gdb) print argc{[K[0][0][Kv[0](gdb) print argv[(gdb) print argv[0(gdb) print argv[0]
$3 = 0x7fffffffe745 "/afs/cats.ucsc.edu/users/h/fcarril1/private/cmps012b/lab5/list2"
(gdb) print argv[0]][K1]
$4 = 0x7fffffffe785 "foo"
(gdb) print argv[1]][K2]
$5 = 0x7fffffffe789 "bar"
(gdb) print argv[2]][K3]
$6 = 0x0
(gdb) print argv[3]][K4]
$7 = 0x7fffffffe78d "REMOTEHOST=oakes-41-231.resnet.ucsc.edu"
(gdb) print argv[4]][K5]
$8 = 0x7fffffffe7b5 "AUTOLOGOUT=180"
(gdb) print argv[5]][K6]
$9 = 0x7fffffffe7c4 "autologout=180"
(gdb) quit
A debugging session is active.

	Inferior 1 [process 30458] will be killed.

Quit anyway? (y or n) y
[fcarril1@unix3 lab5]$ exit
exit

Script done on Wed 04 May 2011 09:47:26 PM PDT
